AR aes_dec rtl C:/Users/Hosein/Documents/MyUniverse/Mathematics/E-Books/Cryptography/Alim/AES-VHDL/AES-DEC/RTL/aes_dec.vhd sub00/vhpl27 1572017201
AR inv_sbox behavioral C:/Users/Hosein/Documents/MyUniverse/Mathematics/E-Books/Cryptography/Alim/AES-VHDL/AES-DEC/RTL/inv_sbox.vhd sub00/vhpl11 1572017185
EN inv_column_calculator NULL C:/Users/Hosein/Documents/MyUniverse/Mathematics/E-Books/Cryptography/Alim/AES-VHDL/AES-DEC/RTL/inv_column_calculator.vhd sub00/vhpl12 1572017186
AR gfmult_by2 behavioral C:/Users/Hosein/Documents/MyUniverse/Mathematics/E-Books/Cryptography/Alim/AES-VHDL/AES-DEC/RTL/gfmult_by2.vhd sub00/vhpl01 1572017175
AR reg behavioral C:/Users/Hosein/Documents/MyUniverse/Mathematics/E-Books/Cryptography/Alim/AES-VHDL/AES-DEC/RTL/reg.vhd sub00/vhpl07 1572017181
EN gfmult_by2 NULL C:/Users/Hosein/Documents/MyUniverse/Mathematics/E-Books/Cryptography/Alim/AES-VHDL/AES-DEC/RTL/gfmult_by2.vhd sub00/vhpl00 1572017174
AR sbox behavioral C:/Users/Hosein/Documents/MyUniverse/Mathematics/E-Books/Cryptography/Alim/AES-VHDL/AES-DEC/RTL/sbox.vhd sub00/vhpl03 1572017177
EN key_schedule NULL C:/Users/Hosein/Documents/MyUniverse/Mathematics/E-Books/Cryptography/Alim/AES-VHDL/AES-DEC/RTL/key_schedule.vhd sub00/vhpl22 1572017196
EN column_calculator NULL C:/Users/Hosein/Documents/MyUniverse/Mathematics/E-Books/Cryptography/Alim/AES-VHDL/AES-DEC/RTL/column_calculator.vhd sub00/vhpl04 1572017178
AR column_calculator rtl C:/Users/Hosein/Documents/MyUniverse/Mathematics/E-Books/Cryptography/Alim/AES-VHDL/AES-DEC/RTL/column_calculator.vhd sub00/vhpl05 1572017179
EN aes_dec NULL C:/Users/Hosein/Documents/MyUniverse/Mathematics/E-Books/Cryptography/Alim/AES-VHDL/AES-DEC/RTL/aes_dec.vhd sub00/vhpl26 1572017200
AR inv_column_calculator rtl C:/Users/Hosein/Documents/MyUniverse/Mathematics/E-Books/Cryptography/Alim/AES-VHDL/AES-DEC/RTL/inv_column_calculator.vhd sub00/vhpl13 1572017187
AR inv_sub_byte behavioral C:/Users/Hosein/Documents/MyUniverse/Mathematics/E-Books/Cryptography/Alim/AES-VHDL/AES-DEC/RTL/inv_sub_byte.vhd sub00/vhpl21 1572017195
AR inv_shift_rows rtl C:/Users/Hosein/Documents/MyUniverse/Mathematics/E-Books/Cryptography/Alim/AES-VHDL/AES-DEC/RTL/inv_shift_rwos.vhd sub00/vhpl19 1572017193
EN add_round_key NULL C:/Users/Hosein/Documents/MyUniverse/Mathematics/E-Books/Cryptography/Alim/AES-VHDL/AES-DEC/RTL/add_round_key.vhd sub00/vhpl14 1572017188
AR inv_ksch_round_func behavioral C:/Users/Hosein/Documents/MyUniverse/Mathematics/E-Books/Cryptography/Alim/AES-VHDL/AES-DEC/RTL/inv_key_sch_round_function.vhd sub00/vhpl09 1572017183
AR key_schedule behavioral C:/Users/Hosein/Documents/MyUniverse/Mathematics/E-Books/Cryptography/Alim/AES-VHDL/AES-DEC/RTL/key_schedule.vhd sub00/vhpl23 1572017197
AR add_round_key rtl C:/Users/Hosein/Documents/MyUniverse/Mathematics/E-Books/Cryptography/Alim/AES-VHDL/AES-DEC/RTL/add_round_key.vhd sub00/vhpl15 1572017189
EN inv_shift_rows NULL C:/Users/Hosein/Documents/MyUniverse/Mathematics/E-Books/Cryptography/Alim/AES-VHDL/AES-DEC/RTL/inv_shift_rwos.vhd sub00/vhpl18 1572017192
EN inv_sbox NULL C:/Users/Hosein/Documents/MyUniverse/Mathematics/E-Books/Cryptography/Alim/AES-VHDL/AES-DEC/RTL/inv_sbox.vhd sub00/vhpl10 1572017184
EN inv_mix_columns NULL C:/Users/Hosein/Documents/MyUniverse/Mathematics/E-Books/Cryptography/Alim/AES-VHDL/AES-DEC/RTL/inv_mix_columns.vhd sub00/vhpl16 1572017190
EN inv_ksch_round_func NULL C:/Users/Hosein/Documents/MyUniverse/Mathematics/E-Books/Cryptography/Alim/AES-VHDL/AES-DEC/RTL/inv_key_sch_round_function.vhd sub00/vhpl08 1572017182
EN sbox NULL C:/Users/Hosein/Documents/MyUniverse/Mathematics/E-Books/Cryptography/Alim/AES-VHDL/AES-DEC/RTL/sbox.vhd sub00/vhpl02 1572017176
EN inv_sub_byte NULL C:/Users/Hosein/Documents/MyUniverse/Mathematics/E-Books/Cryptography/Alim/AES-VHDL/AES-DEC/RTL/inv_sub_byte.vhd sub00/vhpl20 1572017194
EN controller NULL C:/Users/Hosein/Documents/MyUniverse/Mathematics/E-Books/Cryptography/Alim/AES-VHDL/AES-DEC/RTL/controller.vhd sub00/vhpl24 1572017198
EN reg NULL C:/Users/Hosein/Documents/MyUniverse/Mathematics/E-Books/Cryptography/Alim/AES-VHDL/AES-DEC/RTL/reg.vhd sub00/vhpl06 1572017180
AR controller behavioral C:/Users/Hosein/Documents/MyUniverse/Mathematics/E-Books/Cryptography/Alim/AES-VHDL/AES-DEC/RTL/controller.vhd sub00/vhpl25 1572017199
AR inv_mix_columns rtl C:/Users/Hosein/Documents/MyUniverse/Mathematics/E-Books/Cryptography/Alim/AES-VHDL/AES-DEC/RTL/inv_mix_columns.vhd sub00/vhpl17 1572017191
