V3 55
FL C:/Users/Hosein/Documents/MyUniverse/Mathematics/E-Books/Cryptography/Alim/AES-VHDL/AES-DEC/RTL/add_round_key.vhd 2019/10/24.20:42:57 P.20131013
EN work/add_round_key 1572006843 \
      FL C:/Users/Hosein/Documents/MyUniverse/Mathematics/E-Books/Cryptography/Alim/AES-VHDL/AES-DEC/RTL/add_round_key.vhd \
      PB ieee/std_logic_1164 1381692176
AR work/add_round_key/rtl 1572006844 \
      FL C:/Users/Hosein/Documents/MyUniverse/Mathematics/E-Books/Cryptography/Alim/AES-VHDL/AES-DEC/RTL/add_round_key.vhd \
      EN work/add_round_key 1572006843
FL C:/Users/Hosein/Documents/MyUniverse/Mathematics/E-Books/Cryptography/Alim/AES-VHDL/AES-DEC/RTL/aes_dec.vhd 2019/10/24.20:43:03 P.20131013
EN work/aes_dec 1572006855 \
      FL C:/Users/Hosein/Documents/MyUniverse/Mathematics/E-Books/Cryptography/Alim/AES-VHDL/AES-DEC/RTL/aes_dec.vhd \
      PB ieee/std_logic_1164 1381692176
AR work/aes_dec/rtl 1572006856 \
      FL C:/Users/Hosein/Documents/MyUniverse/Mathematics/E-Books/Cryptography/Alim/AES-VHDL/AES-DEC/RTL/aes_dec.vhd \
      EN work/aes_dec 1572006855 CP work/reg CP work/add_round_key \
      CP work/inv_mix_columns CP work/inv_shift_rows CP work/inv_sub_byte \
      CP work/key_schedule CP work/controller
FL C:/Users/Hosein/Documents/MyUniverse/Mathematics/E-Books/Cryptography/Alim/AES-VHDL/AES-DEC/RTL/column_calculator.vhd 2019/10/24.20:43:15 P.20131013
EN work/column_calculator 1572006833 \
      FL C:/Users/Hosein/Documents/MyUniverse/Mathematics/E-Books/Cryptography/Alim/AES-VHDL/AES-DEC/RTL/column_calculator.vhd \
      PB ieee/std_logic_1164 1381692176
AR work/column_calculator/rtl 1572006834 \
      FL C:/Users/Hosein/Documents/MyUniverse/Mathematics/E-Books/Cryptography/Alim/AES-VHDL/AES-DEC/RTL/column_calculator.vhd \
      EN work/column_calculator 1572006833 CP work/gfmult_by2
FL C:/Users/Hosein/Documents/MyUniverse/Mathematics/E-Books/Cryptography/Alim/AES-VHDL/AES-DEC/RTL/controller.vhd 2019/10/24.20:43:21 P.20131013
EN work/controller 1572006853 \
      FL C:/Users/Hosein/Documents/MyUniverse/Mathematics/E-Books/Cryptography/Alim/AES-VHDL/AES-DEC/RTL/controller.vhd \
      PB ieee/std_logic_1164 1381692176 PB ieee/NUMERIC_STD 1381692181
AR work/controller/behavioral 1572006854 \
      FL C:/Users/Hosein/Documents/MyUniverse/Mathematics/E-Books/Cryptography/Alim/AES-VHDL/AES-DEC/RTL/controller.vhd \
      EN work/controller 1572006853
FL C:/Users/Hosein/Documents/MyUniverse/Mathematics/E-Books/Cryptography/Alim/AES-VHDL/AES-DEC/RTL/gfmult_by2.vhd 2019/10/24.20:43:27 P.20131013
EN work/gfmult_by2 1572006829 \
      FL C:/Users/Hosein/Documents/MyUniverse/Mathematics/E-Books/Cryptography/Alim/AES-VHDL/AES-DEC/RTL/gfmult_by2.vhd \
      PB ieee/std_logic_1164 1381692176
AR work/gfmult_by2/behavioral 1572006830 \
      FL C:/Users/Hosein/Documents/MyUniverse/Mathematics/E-Books/Cryptography/Alim/AES-VHDL/AES-DEC/RTL/gfmult_by2.vhd \
      EN work/gfmult_by2 1572006829
FL C:/Users/Hosein/Documents/MyUniverse/Mathematics/E-Books/Cryptography/Alim/AES-VHDL/AES-DEC/RTL/inv_column_calculator.vhd 2019/10/24.20:43:34 P.20131013
EN work/inv_column_calculator 1572006841 \
      FL C:/Users/Hosein/Documents/MyUniverse/Mathematics/E-Books/Cryptography/Alim/AES-VHDL/AES-DEC/RTL/inv_column_calculator.vhd \
      PB ieee/std_logic_1164 1381692176
AR work/inv_column_calculator/rtl 1572006842 \
      FL C:/Users/Hosein/Documents/MyUniverse/Mathematics/E-Books/Cryptography/Alim/AES-VHDL/AES-DEC/RTL/inv_column_calculator.vhd \
      EN work/inv_column_calculator 1572006841 CP work/gfmult_by2 \
      CP work/column_calculator
FL C:/Users/Hosein/Documents/MyUniverse/Mathematics/E-Books/Cryptography/Alim/AES-VHDL/AES-DEC/RTL/inv_key_sch_round_function.vhd 2019/10/24.20:43:51 P.20131013
EN work/inv_ksch_round_func 1572006837 \
      FL C:/Users/Hosein/Documents/MyUniverse/Mathematics/E-Books/Cryptography/Alim/AES-VHDL/AES-DEC/RTL/inv_key_sch_round_function.vhd \
      PB ieee/std_logic_1164 1381692176
AR work/inv_ksch_round_func/behavioral 1572006838 \
      FL C:/Users/Hosein/Documents/MyUniverse/Mathematics/E-Books/Cryptography/Alim/AES-VHDL/AES-DEC/RTL/inv_key_sch_round_function.vhd \
      EN work/inv_ksch_round_func 1572006837 CP work/sbox
FL C:/Users/Hosein/Documents/MyUniverse/Mathematics/E-Books/Cryptography/Alim/AES-VHDL/AES-DEC/RTL/inv_mix_columns.vhd 2019/10/24.20:43:57 P.20131013
EN work/inv_mix_columns 1572006845 \
      FL C:/Users/Hosein/Documents/MyUniverse/Mathematics/E-Books/Cryptography/Alim/AES-VHDL/AES-DEC/RTL/inv_mix_columns.vhd \
      PB ieee/std_logic_1164 1381692176
AR work/inv_mix_columns/rtl 1572006846 \
      FL C:/Users/Hosein/Documents/MyUniverse/Mathematics/E-Books/Cryptography/Alim/AES-VHDL/AES-DEC/RTL/inv_mix_columns.vhd \
      EN work/inv_mix_columns 1572006845 CP work/inv_column_calculator
FL C:/Users/Hosein/Documents/MyUniverse/Mathematics/E-Books/Cryptography/Alim/AES-VHDL/AES-DEC/RTL/inv_sbox.vhd 2019/10/24.20:44:07 P.20131013
EN work/inv_sbox 1572006839 \
      FL C:/Users/Hosein/Documents/MyUniverse/Mathematics/E-Books/Cryptography/Alim/AES-VHDL/AES-DEC/RTL/inv_sbox.vhd \
      PB ieee/std_logic_1164 1381692176
AR work/inv_sbox/behavioral 1572006840 \
      FL C:/Users/Hosein/Documents/MyUniverse/Mathematics/E-Books/Cryptography/Alim/AES-VHDL/AES-DEC/RTL/inv_sbox.vhd \
      EN work/inv_sbox 1572006839
FL C:/Users/Hosein/Documents/MyUniverse/Mathematics/E-Books/Cryptography/Alim/AES-VHDL/AES-DEC/RTL/inv_shift_rwos.vhd 2019/10/24.20:44:14 P.20131013
EN work/inv_shift_rows 1572006847 \
      FL C:/Users/Hosein/Documents/MyUniverse/Mathematics/E-Books/Cryptography/Alim/AES-VHDL/AES-DEC/RTL/inv_shift_rwos.vhd \
      PB ieee/std_logic_1164 1381692176
AR work/inv_shift_rows/rtl 1572006848 \
      FL C:/Users/Hosein/Documents/MyUniverse/Mathematics/E-Books/Cryptography/Alim/AES-VHDL/AES-DEC/RTL/inv_shift_rwos.vhd \
      EN work/inv_shift_rows 1572006847
FL C:/Users/Hosein/Documents/MyUniverse/Mathematics/E-Books/Cryptography/Alim/AES-VHDL/AES-DEC/RTL/inv_sub_byte.vhd 2019/10/24.20:44:23 P.20131013
EN work/inv_sub_byte 1572006849 \
      FL C:/Users/Hosein/Documents/MyUniverse/Mathematics/E-Books/Cryptography/Alim/AES-VHDL/AES-DEC/RTL/inv_sub_byte.vhd \
      PB ieee/std_logic_1164 1381692176
AR work/inv_sub_byte/behavioral 1572006850 \
      FL C:/Users/Hosein/Documents/MyUniverse/Mathematics/E-Books/Cryptography/Alim/AES-VHDL/AES-DEC/RTL/inv_sub_byte.vhd \
      EN work/inv_sub_byte 1572006849 CP work/inv_sbox
FL C:/Users/Hosein/Documents/MyUniverse/Mathematics/E-Books/Cryptography/Alim/AES-VHDL/AES-DEC/RTL/key_schedule.vhd 2019/10/24.20:44:29 P.20131013
EN work/key_schedule 1572006851 \
      FL C:/Users/Hosein/Documents/MyUniverse/Mathematics/E-Books/Cryptography/Alim/AES-VHDL/AES-DEC/RTL/key_schedule.vhd \
      PB ieee/std_logic_1164 1381692176
AR work/key_schedule/behavioral 1572006852 \
      FL C:/Users/Hosein/Documents/MyUniverse/Mathematics/E-Books/Cryptography/Alim/AES-VHDL/AES-DEC/RTL/key_schedule.vhd \
      EN work/key_schedule 1572006851 CP work/reg CP work/inv_ksch_round_func
FL C:/Users/Hosein/Documents/MyUniverse/Mathematics/E-Books/Cryptography/Alim/AES-VHDL/AES-DEC/RTL/reg.vhd 2019/10/24.20:44:43 P.20131013
EN work/reg 1572006835 \
      FL C:/Users/Hosein/Documents/MyUniverse/Mathematics/E-Books/Cryptography/Alim/AES-VHDL/AES-DEC/RTL/reg.vhd \
      PB ieee/std_logic_1164 1381692176
AR work/reg/behavioral 1572006836 \
      FL C:/Users/Hosein/Documents/MyUniverse/Mathematics/E-Books/Cryptography/Alim/AES-VHDL/AES-DEC/RTL/reg.vhd \
      EN work/reg 1572006835
FL C:/Users/Hosein/Documents/MyUniverse/Mathematics/E-Books/Cryptography/Alim/AES-VHDL/AES-DEC/RTL/sbox.vhd 2019/10/24.20:44:50 P.20131013
EN work/sbox 1572006831 \
      FL C:/Users/Hosein/Documents/MyUniverse/Mathematics/E-Books/Cryptography/Alim/AES-VHDL/AES-DEC/RTL/sbox.vhd \
      PB ieee/std_logic_1164 1381692176
AR work/sbox/behavioral 1572006832 \
      FL C:/Users/Hosein/Documents/MyUniverse/Mathematics/E-Books/Cryptography/Alim/AES-VHDL/AES-DEC/RTL/sbox.vhd \
      EN work/sbox 1572006831
