V3 55
FL C:/Users/Hosein/Documents/MyUniverse/Mathematics/E-Books/Cryptography/Alim/AES-VHDL/AES-DEC/RTL/add_round_key.vhd 2019/10/24.20:42:57 P.20131013
EN work/add_round_key 1572017188 \
      FL C:/Users/Hosein/Documents/MyUniverse/Mathematics/E-Books/Cryptography/Alim/AES-VHDL/AES-DEC/RTL/add_round_key.vhd \
      PB ieee/std_logic_1164 1381692176
AR work/add_round_key/rtl 1572017189 \
      FL C:/Users/Hosein/Documents/MyUniverse/Mathematics/E-Books/Cryptography/Alim/AES-VHDL/AES-DEC/RTL/add_round_key.vhd \
      EN work/add_round_key 1572017188
FL C:/Users/Hosein/Documents/MyUniverse/Mathematics/E-Books/Cryptography/Alim/AES-VHDL/AES-DEC/RTL/aes_dec.vhd 2019/10/24.20:43:03 P.20131013
EN work/aes_dec 1572017200 \
      FL C:/Users/Hosein/Documents/MyUniverse/Mathematics/E-Books/Cryptography/Alim/AES-VHDL/AES-DEC/RTL/aes_dec.vhd \
      PB ieee/std_logic_1164 1381692176
AR work/aes_dec/rtl 1572017201 \
      FL C:/Users/Hosein/Documents/MyUniverse/Mathematics/E-Books/Cryptography/Alim/AES-VHDL/AES-DEC/RTL/aes_dec.vhd \
      EN work/aes_dec 1572017200 CP work/reg CP work/add_round_key \
      CP work/inv_mix_columns CP work/inv_shift_rows CP work/inv_sub_byte \
      CP work/key_schedule CP work/controller
FL C:/Users/Hosein/Documents/MyUniverse/Mathematics/E-Books/Cryptography/Alim/AES-VHDL/AES-DEC/RTL/column_calculator.vhd 2019/10/24.20:43:15 P.20131013
EN work/column_calculator 1572017178 \
      FL C:/Users/Hosein/Documents/MyUniverse/Mathematics/E-Books/Cryptography/Alim/AES-VHDL/AES-DEC/RTL/column_calculator.vhd \
      PB ieee/std_logic_1164 1381692176
AR work/column_calculator/rtl 1572017179 \
      FL C:/Users/Hosein/Documents/MyUniverse/Mathematics/E-Books/Cryptography/Alim/AES-VHDL/AES-DEC/RTL/column_calculator.vhd \
      EN work/column_calculator 1572017178 CP work/gfmult_by2
FL C:/Users/Hosein/Documents/MyUniverse/Mathematics/E-Books/Cryptography/Alim/AES-VHDL/AES-DEC/RTL/controller.vhd 2019/10/24.20:43:21 P.20131013
EN work/controller 1572017198 \
      FL C:/Users/Hosein/Documents/MyUniverse/Mathematics/E-Books/Cryptography/Alim/AES-VHDL/AES-DEC/RTL/controller.vhd \
      PB ieee/std_logic_1164 1381692176 PB ieee/NUMERIC_STD 1381692181
AR work/controller/behavioral 1572017199 \
      FL C:/Users/Hosein/Documents/MyUniverse/Mathematics/E-Books/Cryptography/Alim/AES-VHDL/AES-DEC/RTL/controller.vhd \
      EN work/controller 1572017198
FL C:/Users/Hosein/Documents/MyUniverse/Mathematics/E-Books/Cryptography/Alim/AES-VHDL/AES-DEC/RTL/gfmult_by2.vhd 2019/10/24.20:43:27 P.20131013
EN work/gfmult_by2 1572017174 \
      FL C:/Users/Hosein/Documents/MyUniverse/Mathematics/E-Books/Cryptography/Alim/AES-VHDL/AES-DEC/RTL/gfmult_by2.vhd \
      PB ieee/std_logic_1164 1381692176
AR work/gfmult_by2/behavioral 1572017175 \
      FL C:/Users/Hosein/Documents/MyUniverse/Mathematics/E-Books/Cryptography/Alim/AES-VHDL/AES-DEC/RTL/gfmult_by2.vhd \
      EN work/gfmult_by2 1572017174
FL C:/Users/Hosein/Documents/MyUniverse/Mathematics/E-Books/Cryptography/Alim/AES-VHDL/AES-DEC/RTL/inv_column_calculator.vhd 2019/10/24.20:43:34 P.20131013
EN work/inv_column_calculator 1572017186 \
      FL C:/Users/Hosein/Documents/MyUniverse/Mathematics/E-Books/Cryptography/Alim/AES-VHDL/AES-DEC/RTL/inv_column_calculator.vhd \
      PB ieee/std_logic_1164 1381692176
AR work/inv_column_calculator/rtl 1572017187 \
      FL C:/Users/Hosein/Documents/MyUniverse/Mathematics/E-Books/Cryptography/Alim/AES-VHDL/AES-DEC/RTL/inv_column_calculator.vhd \
      EN work/inv_column_calculator 1572017186 CP work/gfmult_by2 \
      CP work/column_calculator
FL C:/Users/Hosein/Documents/MyUniverse/Mathematics/E-Books/Cryptography/Alim/AES-VHDL/AES-DEC/RTL/inv_key_sch_round_function.vhd 2019/10/24.20:43:51 P.20131013
EN work/inv_ksch_round_func 1572017182 \
      FL C:/Users/Hosein/Documents/MyUniverse/Mathematics/E-Books/Cryptography/Alim/AES-VHDL/AES-DEC/RTL/inv_key_sch_round_function.vhd \
      PB ieee/std_logic_1164 1381692176
AR work/inv_ksch_round_func/behavioral 1572017183 \
      FL C:/Users/Hosein/Documents/MyUniverse/Mathematics/E-Books/Cryptography/Alim/AES-VHDL/AES-DEC/RTL/inv_key_sch_round_function.vhd \
      EN work/inv_ksch_round_func 1572017182 CP work/sbox
FL C:/Users/Hosein/Documents/MyUniverse/Mathematics/E-Books/Cryptography/Alim/AES-VHDL/AES-DEC/RTL/inv_mix_columns.vhd 2019/10/24.20:43:57 P.20131013
EN work/inv_mix_columns 1572017190 \
      FL C:/Users/Hosein/Documents/MyUniverse/Mathematics/E-Books/Cryptography/Alim/AES-VHDL/AES-DEC/RTL/inv_mix_columns.vhd \
      PB ieee/std_logic_1164 1381692176
AR work/inv_mix_columns/rtl 1572017191 \
      FL C:/Users/Hosein/Documents/MyUniverse/Mathematics/E-Books/Cryptography/Alim/AES-VHDL/AES-DEC/RTL/inv_mix_columns.vhd \
      EN work/inv_mix_columns 1572017190 CP work/inv_column_calculator
FL C:/Users/Hosein/Documents/MyUniverse/Mathematics/E-Books/Cryptography/Alim/AES-VHDL/AES-DEC/RTL/inv_sbox.vhd 2019/10/24.20:44:07 P.20131013
EN work/inv_sbox 1572017184 \
      FL C:/Users/Hosein/Documents/MyUniverse/Mathematics/E-Books/Cryptography/Alim/AES-VHDL/AES-DEC/RTL/inv_sbox.vhd \
      PB ieee/std_logic_1164 1381692176
AR work/inv_sbox/behavioral 1572017185 \
      FL C:/Users/Hosein/Documents/MyUniverse/Mathematics/E-Books/Cryptography/Alim/AES-VHDL/AES-DEC/RTL/inv_sbox.vhd \
      EN work/inv_sbox 1572017184
FL C:/Users/Hosein/Documents/MyUniverse/Mathematics/E-Books/Cryptography/Alim/AES-VHDL/AES-DEC/RTL/inv_shift_rwos.vhd 2019/10/24.20:44:14 P.20131013
EN work/inv_shift_rows 1572017192 \
      FL C:/Users/Hosein/Documents/MyUniverse/Mathematics/E-Books/Cryptography/Alim/AES-VHDL/AES-DEC/RTL/inv_shift_rwos.vhd \
      PB ieee/std_logic_1164 1381692176
AR work/inv_shift_rows/rtl 1572017193 \
      FL C:/Users/Hosein/Documents/MyUniverse/Mathematics/E-Books/Cryptography/Alim/AES-VHDL/AES-DEC/RTL/inv_shift_rwos.vhd \
      EN work/inv_shift_rows 1572017192
FL C:/Users/Hosein/Documents/MyUniverse/Mathematics/E-Books/Cryptography/Alim/AES-VHDL/AES-DEC/RTL/inv_sub_byte.vhd 2019/10/24.20:44:23 P.20131013
EN work/inv_sub_byte 1572017194 \
      FL C:/Users/Hosein/Documents/MyUniverse/Mathematics/E-Books/Cryptography/Alim/AES-VHDL/AES-DEC/RTL/inv_sub_byte.vhd \
      PB ieee/std_logic_1164 1381692176
AR work/inv_sub_byte/behavioral 1572017195 \
      FL C:/Users/Hosein/Documents/MyUniverse/Mathematics/E-Books/Cryptography/Alim/AES-VHDL/AES-DEC/RTL/inv_sub_byte.vhd \
      EN work/inv_sub_byte 1572017194 CP work/inv_sbox
FL C:/Users/Hosein/Documents/MyUniverse/Mathematics/E-Books/Cryptography/Alim/AES-VHDL/AES-DEC/RTL/key_schedule.vhd 2019/10/24.20:44:29 P.20131013
EN work/key_schedule 1572017196 \
      FL C:/Users/Hosein/Documents/MyUniverse/Mathematics/E-Books/Cryptography/Alim/AES-VHDL/AES-DEC/RTL/key_schedule.vhd \
      PB ieee/std_logic_1164 1381692176
AR work/key_schedule/behavioral 1572017197 \
      FL C:/Users/Hosein/Documents/MyUniverse/Mathematics/E-Books/Cryptography/Alim/AES-VHDL/AES-DEC/RTL/key_schedule.vhd \
      EN work/key_schedule 1572017196 CP work/reg CP work/inv_ksch_round_func
FL C:/Users/Hosein/Documents/MyUniverse/Mathematics/E-Books/Cryptography/Alim/AES-VHDL/AES-DEC/RTL/reg.vhd 2019/10/24.20:44:43 P.20131013
EN work/reg 1572017180 \
      FL C:/Users/Hosein/Documents/MyUniverse/Mathematics/E-Books/Cryptography/Alim/AES-VHDL/AES-DEC/RTL/reg.vhd \
      PB ieee/std_logic_1164 1381692176
AR work/reg/behavioral 1572017181 \
      FL C:/Users/Hosein/Documents/MyUniverse/Mathematics/E-Books/Cryptography/Alim/AES-VHDL/AES-DEC/RTL/reg.vhd \
      EN work/reg 1572017180
FL C:/Users/Hosein/Documents/MyUniverse/Mathematics/E-Books/Cryptography/Alim/AES-VHDL/AES-DEC/RTL/sbox.vhd 2019/10/24.20:44:50 P.20131013
EN work/sbox 1572017176 \
      FL C:/Users/Hosein/Documents/MyUniverse/Mathematics/E-Books/Cryptography/Alim/AES-VHDL/AES-DEC/RTL/sbox.vhd \
      PB ieee/std_logic_1164 1381692176
AR work/sbox/behavioral 1572017177 \
      FL C:/Users/Hosein/Documents/MyUniverse/Mathematics/E-Books/Cryptography/Alim/AES-VHDL/AES-DEC/RTL/sbox.vhd \
      EN work/sbox 1572017176
